#-----------------------------------------------------------
# Vivado v2024.2 (64-bit)
# SW Build 5239630 on Fri Nov 08 22:35:27 MST 2024
# IP Build 5239520 on Sun Nov 10 16:12:51 MST 2024
# SharedData Build 5239561 on Fri Nov 08 14:39:27 MST 2024
# Start of session at: Wed Aug 27 23:17:10 2025
# Process ID         : 13500
# Current directory  : C:/Users/moizc/Desktop/MY AWESOME PROJECTS/vivado/WIP/SPI_PROJECT/SPI_project/SPI_project.runs/impl_1
# Command line       : vivado.exe -log TopSPI.vdi -applog -product Vivado -messageDb vivado.pb -mode batch -source TopSPI.tcl -notrace
# Log file           : C:/Users/moizc/Desktop/MY AWESOME PROJECTS/vivado/WIP/SPI_PROJECT/SPI_project/SPI_project.runs/impl_1/TopSPI.vdi
# Journal file       : C:/Users/moizc/Desktop/MY AWESOME PROJECTS/vivado/WIP/SPI_PROJECT/SPI_project/SPI_project.runs/impl_1\vivado.jou
# Running On         : Moss
# Platform           : Windows Server 2016 or Windows 10
# Operating System   : 26100
# Processor Detail   : AMD Ryzen 5 7520U with Radeon Graphics         
# CPU Frequency      : 2795 MHz
# CPU Physical cores : 4
# CPU Logical cores  : 8
# Host memory        : 16363 MB
# Swap memory        : 2684 MB
# Total Virtual      : 19047 MB
# Available Virtual  : 6453 MB
#-----------------------------------------------------------
source TopSPI.tcl -notrace
